// Jest Snapshot v1, https://goo.gl/fbAQLP

exports[`COMPONENT - CartItemControls Wrapper renders correctly 1`] = `
.c0 {
  display: -webkit-box;
  display: -webkit-flex;
  display: -ms-flexbox;
  display: flex;
  -webkit-box-pack: justify;
  -webkit-justify-content: space-between;
  -ms-flex-pack: justify;
  justify-content: space-between;
  margin-top: 2rem;
}

<div
  className="c0"
/>
`;
