// Jest Snapshot v1, https://goo.gl/fbAQLP

exports[`COMPONENT - Attribute renders Attribute component 1`] = `
.c0 {
  font-size: 1.2rem;
  display: block;
}

<label
  className="c0"
/>
`;
