// Jest Snapshot v1, https://goo.gl/fbAQLP

exports[`COMPONENT - QuantityButton renders QuantityButton component 1`] = `
.c0 {
  font-size: 3rem;
  font-weight: 700;
  background: none;
  box-shadow: none;
  border: 0;
}

<button
  className="c0"
/>
`;
