// Jest Snapshot v1, https://goo.gl/fbAQLP

exports[`COMPONENT - Item TextBlock renders correctly 1`] = `
.c0 {
  margin-bottom: 1rem;
}

.c0:last-child {
  margin-bottom: 0;
}

<div
  className="c0"
/>
`;
