// Jest Snapshot v1, https://goo.gl/fbAQLP

exports[`COMPONENT - Hitbox renders correctly 1`] = `
.c0 {
  border: 0;
  background: none;
  display: -webkit-box;
  display: -webkit-flex;
  display: -ms-flexbox;
  display: flex;
  -webkit-align-items: center;
  -webkit-box-align: center;
  -ms-flex-align: center;
  align-items: center;
  -webkit-box-pack: center;
  -webkit-justify-content: center;
  -ms-flex-pack: center;
  justify-content: center;
  min-width: 4rem;
  min-height: 4rem;
  cursor: pointer;
}

.c0 svg {
  display: block;
}

.c0:focus {
  background-color: #ffbf47;
  outline: 4px solid #ffbf47;
  outline-offset: 0;
}

<button
  className="c0"
/>
`;
