// Jest Snapshot v1, https://goo.gl/fbAQLP

exports[`COMPONENT - CartItemsList NoItemsMessage renders ItemsList component 1`] = `
.c0 {
  font-size: 1.8rem;
  -webkit-text-decoration: none;
  text-decoration: none;
  font-weight: 400;
  line-height: 1.4;
  margin: 0;
  margin-bottom: 1rem;
  color: #222222;
  color: #222222;
  padding-bottom: 3rem;
}

.c0:last-child {
  margin-bottom: 0;
}

<p
  className="c0"
/>
`;
