// Jest Snapshot v1, https://goo.gl/fbAQLP

exports[`COMPONENT - Wrapper renders Wrapper component 1`] = `
.c0 {
  display: grid;
  grid-template-columns: auto 1fr;
  grid-gap: 20px;
}

<div
  className="c0"
/>
`;
