// Jest Snapshot v1, https://goo.gl/fbAQLP

exports[`COMPONENT - Icons Chevron renders correctly 1`] = `
<svg
  height="12"
  width="19"
  xmlns="http://www.w3.org/2000/svg"
>
  <path
    d="M19 2.6L16.5.1l-7 7-7-7L.1 2.6l9.4 9.5z"
    fill="#666666"
  />
</svg>
`;
