// Jest Snapshot v1, https://goo.gl/fbAQLP

exports[`COMPONENT - LandingPage Content renders correctly 1`] = `
.c0 {
  max-width: 100rem;
  padding: 0 2rem;
  margin: 0 auto;
}

.c0:not(:first-child) {
  padding-top: 3rem;
}

.c0:last-child {
  padding-bottom: 6rem;
}

<section
  className="c0"
/>
`;
