// Jest Snapshot v1, https://goo.gl/fbAQLP

exports[`COMPONENT - LandingPage Section renders correctly 1`] = `
.c0 {
  padding-top: 3rem;
}

.c0:last-child {
  padding-bottom: 6rem;
}

<section
  className="c0"
/>
`;
