// Jest Snapshot v1, https://goo.gl/fbAQLP

exports[`COMPONENT - Wrapper renders Wrapper component 1`] = `
.c0 {
  display: grid;
  grid-template-columns: auto 1fr;
  grid-gap: 20px;
}

@media (max-width:26.25em) {
  .c0 {
    display: block;
  }
}

<div
  className="c0"
/>
`;
