// Jest Snapshot v1, https://goo.gl/fbAQLP

exports[`COMPONENT - FormSelect Chevron renders correctly 1`] = `
.c0 {
  position: absolute;
  top: 3.6rem;
  right: 1rem;
  z-index: 1;
  pointer-events: none;
}

<span
  className="c0"
>
  <ChevronIcon />
</span>
`;
