// Jest Snapshot v1, https://goo.gl/fbAQLP

exports[`COMPONENT - TextHighlight renders TextHighlight component 1`] = `
.c0 {
  font-size: 1.2rem;
  -webkit-text-decoration: none;
  text-decoration: none;
  font-weight: normal;
  color: #9cc472;
}

<span
  className="c0"
/>
`;
