// Jest Snapshot v1, https://goo.gl/fbAQLP

exports[`COMPONENT - Modal Overlay renders correctly 1`] = `
.c0 {
  background: rgba(0,0,0,0.6);
  height: 100%;
  left: 0;
  position: fixed;
  top: 0;
  width: 100%;
  z-index: 8000;
}

<div
  className="c0"
/>
`;
