// Jest Snapshot v1, https://goo.gl/fbAQLP

exports[`COMPONENT - FormCreditCardInput Input renders correctly 1`] = `
.c0 {
  border: 1px solid #b0b0b0;
  border-radius: 0;
  height: 4rem;
  padding: 0 1rem;
  font-size: 1.8rem;
  outline: 0;
  width: 100%;
  box-shadow: inset 0 1px 2px rgba(0,0,0,0.25);
  margin-top: 0.4rem;
}

.c0:disabled {
  background-color: #b0b0b0;
}

.c0:focus {
  border-color: #00a09f;
  outline: 4px solid #ffbf47;
  outline-offset: 0;
}

.c0::-webkit-input-placeholder {
  color: #666666;
}

.c0::-moz-placeholder {
  color: #666666;
}

.c0:-ms-input-placeholder {
  color: #666666;
}

.c0::placeholder {
  color: #666666;
}

<input
  className="c0"
/>
`;
