// Jest Snapshot v1, https://goo.gl/fbAQLP

exports[`COMPONENT - FormInput Input renders correctly 1`] = `
.c0 {
  border: 1px solid #b0b0b0;
  height: 4rem;
  padding: 0 1rem;
  font-size: 1.8rem;
  outline: 0;
  width: 100%;
  margin-top: 0.4rem;
}

.c0:disabled {
  background-color: #b0b0b0;
}

.c0:focus {
  border-color: #00a09f;
}

<input
  className="c0"
/>
`;
