// Jest Snapshot v1, https://goo.gl/fbAQLP

exports[`COMPONENT - OrderSummary TextRow render NextStep component 1`] = `
.c0 {
  font-size: 1.8rem;
  -webkit-text-decoration: none;
  text-decoration: none;
  font-weight: 400;
  line-height: 1.4;
  margin: 0;
  margin-bottom: 1rem;
  width: 100%;
  display: -webkit-box;
  display: -webkit-flex;
  display: -ms-flexbox;
  display: flex;
  -webkit-box-pack: justify;
  -webkit-justify-content: space-between;
  -ms-flex-pack: justify;
  justify-content: space-between;
}

.c0:last-child {
  margin-bottom: 0;
}

<p
  className="c0"
/>
`;
