// Jest Snapshot v1, https://goo.gl/fbAQLP

exports[`COMPONENT - OrderSummary Wrapper render NextStep component 1`] = `
.c0 {
  border-top: 1px solid #b0b0b0;
  padding-top: 2rem;
}

<section
  className="c0"
/>
`;
