// Jest Snapshot v1, https://goo.gl/fbAQLP

exports[`COMPONENT - CheckoutPayment Content renders correctly 1`] = `
.c0 {
  max-width: 100rem;
  padding: 0 2rem;
  margin: 0 auto;
  padding-bottom: 3rem;
}

<section
  className="c0"
/>
`;
