// Jest Snapshot v1, https://goo.gl/fbAQLP

exports[`COMPONENT - NextStep Button render NextStep component 1`] = `
.c0 {
  background: #00a09f;
  border: 0;
  color: #ffffff;
  display: block;
  font-size: 2.4rem;
  font-weight: 700;
  padding: 1.2rem;
  text-align: center;
  -webkit-text-decoration: none;
  text-decoration: none;
  width: 100%;
  max-width: 96rem;
  margin: 0 auto;
  cursor: pointer;
}

.c0:disabled {
  background-color: #b0b0b0;
}

<button
  className="c0"
>
  Test
</button>
`;
