// Jest Snapshot v1, https://goo.gl/fbAQLP

exports[`COMPONENT - Cart Wrapper renders correctly 1`] = `
.c0 {
  padding-bottom: 12rem;
}

<article
  className="c0"
/>
`;
